Scenario: parse_null
parse_null null                                                                        PASS
parse_null nul                                                                         PASS

Tests: 2, Passed: 2, Failed: 0 (%100.000)
Total: 2, Passed: 2, Failed: 0 (%100.000)

Scenario: parse_bool
parse_bool false                                                                       PASS
parse_bool true                                                                        PASS
parse_bool fals                                                                        PASS
parse_bool tru                                                                         PASS

Tests: 4, Passed: 4, Failed: 0 (%100.000)
Total: 6, Passed: 6, Failed: 0 (%100.000)

Scenario: parse_int
parse_int -1                                                                          PASS
parse_int 0                                                                           PASS
parse_int 1                                                                           PASS
parse_int max                                                                         PASS
parse_int min                                                                         PASS
parse_int max +1                                                                      PASS
parse_int min -1                                                                      PASS

Tests: 7, Passed: 7, Failed: 0 (%100.000)
Total: 13, Passed: 13, Failed: 0 (%100.000)

Scenario: parse_float
parse_float -1.0                                                                        PASS
parse_float 0.0                                                                         PASS
parse_float 1.0                                                                         PASS
parse_float max                                                                         PASS
parse_float min                                                                         PASS
parse_float max + 1.0                                                                   PASS
parse_float min - 1.0                                                                   PASS

Tests: 7, Passed: 7, Failed: 0 (%100.000)
Total: 20, Passed: 20, Failed: 0 (%100.000)

Scenario: parse_string
parse_string ""                                                                          PASS
parse_string "a"                                                                         PASS
parse_string "abc"                                                                       PASS
parse_string ""abc""                                                                     PASS
parse_string """"                                                                        PASS
parse_string     "abc"                                                                   PASS
parse_string """                                                                         PASS
parse_string "\\"                                                                        PASS
parse_string "\/"                                                                        PASS
parse_string "\b"                                                                        PASS
parse_string "\f"                                                                        PASS
parse_string "\n"                                                                        PASS
parse_string "\r"                                                                        PASS
parse_string "\t"                                                                        PASS

Tests: 14, Passed: 14, Failed: 0 (%100.000)
Total: 34, Passed: 34, Failed: 0 (%100.000)

Scenario: parse_object
parse_object {}                                                                          PASS
parse_object {"abc":"def"}                                                               PASS
parse_object {"abc":123}                                                                 PASS
parse_object {"pi":3.14}                                                                 PASS
parse_object {"abc":false}                                                               PASS
parse_object {"abc":true}                                                                PASS
parse_object {"abc":"def","ghi":"jkl","mno":"pqr"}                                       PASS
parse_object {"name":"jake","age":20,"height":1.779}                                     PASS
parse_object {"abc":{"def":123}}                                                         PASS
parse_object {"abc":{"def":{"ghi":123}}}                                                 PASS
parse_object {"abc":[1,2,3]}                                                             PASS
parse_object {"a":[{"a":1},{"b":2},{"c":3}]}                                             PASS
parse_object {"a":[{"a":1}]}                                                             PASS
parse_object {"a":{"b":{"c":{"d":{...{"z":{ }...}                                        PASS

Tests: 14, Passed: 14, Failed: 0 (%100.000)
Total: 48, Passed: 48, Failed: 0 (%100.000)

Scenario: parse_array
parse_array []                                                                          PASS
parse_array [null]                                                                      PASS
parse_array [null, null, null]                                                          PASS
parse_array [true]                                                                      PASS
parse_array [true, false, true]                                                         PASS
parse_array [1]                                                                         PASS
parse_array [1, 2, 3]                                                                   PASS
parse_array [3.14]                                                                      PASS
parse_array [1.2, 3.4, 5.6]                                                             PASS
parse_array [""]                                                                        PASS
parse_array ["abc"]                                                                     PASS
parse_array ["abc", "def", "ghi"]                                                       PASS
parse_array [{}]                                                                        PASS
parse_array [{"a":1}]                                                                   PASS
parse_array [[{"a":1}, {"b":2}, {"c":3}]]                                               PASS
parse_array [[]]                                                                        PASS
parse_array [[[]]]                                                                      PASS
parse_array [[1, 2, 3],[4, 5, 6],[7, 8, 9]]                                             PASS
parse_array [[[1, 2], [3, 4]], [[5, 6], [7, 8]]]                                        PASS

Tests: 19, Passed: 19, Failed: 0 (%100.000)
Total: 67, Passed: 67, Failed: 0 (%100.000)

Scenario: serial_null
serial_null null                                                                        PASS

Tests: 1, Passed: 1, Failed: 0 (%100.000)
Total: 68, Passed: 68, Failed: 0 (%100.000)

Scenario: serial_bool
serial_bool false                                                                       PASS
serial_bool true                                                                        PASS

Tests: 2, Passed: 2, Failed: 0 (%100.000)
Total: 70, Passed: 70, Failed: 0 (%100.000)

Scenario: serial_int
serial_int -1                                                                          PASS
serial_int 0                                                                           PASS
serial_int 1                                                                           PASS
serial_int max                                                                         PASS
serial_int min                                                                         PASS

Tests: 5, Passed: 5, Failed: 0 (%100.000)
Total: 75, Passed: 75, Failed: 0 (%100.000)

Scenario: serial_float
serial_float -1.0                                                                        PASS
serial_float 0.0                                                                         PASS
serial_float 1.0                                                                         PASS
serial_float max                                                                         PASS
serial_float min                                                                         PASS

Tests: 5, Passed: 5, Failed: 0 (%100.000)
Total: 80, Passed: 80, Failed: 0 (%100.000)

Scenario: serial_string
serial_string ""                                                                          PASS
serial_string "a"                                                                         PASS
serial_string "abc"                                                                       PASS
serial_string ""abc""                                                                     PASS
serial_string """"                                                                        PASS
serial_string     "abc"                                                                   PASS
serial_string """                                                                         PASS
serial_string "\\"                                                                        PASS
serial_string "\/"                                                                        PASS
serial_string "\b"                                                                        PASS
serial_string "\f"                                                                        PASS
serial_string "\n"                                                                        PASS
serial_string "\r"                                                                        PASS
serial_string "\t"                                                                        PASS

Tests: 14, Passed: 14, Failed: 0 (%100.000)
Total: 94, Passed: 94, Failed: 0 (%100.000)

Scenario: serial_object
serial_object {}                                                                          PASS
serial_object {"abc":"def"}                                                               PASS
serial_object {"abc":123}                                                                 PASS
serial_object {"pi":3.14}                                                                 PASS
serial_object {"abc":false}                                                               PASS
serial_object {"abc":true}                                                                PASS
serial_object {"abc":"def","ghi":"jkl","mno":"pqr"}                                       PASS
serial_object {"name":"jake","age":20,"height":1.779}                                     PASS
serial_object {"abc":{"def":123}}                                                         PASS
serial_object {"abc":{"def":{"ghi":123}}}                                                 PASS
serial_object {"abc":[1,2,3]}                                                             PASS
serial_object {"a":[{"a":1},{"b":2},{"c":3}]}                                             PASS
serial_object {"a":[{"a":1}]}                                                             PASS
serial_object {"a":{"b":{"c":{"d":{...{"z":{ }...}                                        PASS

Tests: 14, Passed: 14, Failed: 0 (%100.000)
Total: 108, Passed: 108, Failed: 0 (%100.000)

Scenario: serial_array
serial_array []                                                                          PASS
serial_array [null]                                                                      PASS
serial_array [null, null, null]                                                          PASS
serial_array [true]                                                                      PASS
serial_array [true, false, true]                                                         PASS
serial_array [1]                                                                         PASS
serial_array [1, 2, 3]                                                                   PASS
serial_array [3.14]                                                                      PASS
serial_array [1.2, 3.4, 5.6]                                                             PASS
serial_array [""]                                                                        PASS
serial_array ["abc"]                                                                     PASS
serial_array ["abc", "def", "ghi"]                                                       PASS
serial_array [{}]                                                                        PASS
serial_array [{"a":1}]                                                                   PASS
serial_array [[{"a":1}, {"b":2}, {"c":3}]]                                               PASS
serial_array [[]]                                                                        PASS
serial_array [[[]]]                                                                      PASS
serial_array [[1, 2, 3],[4, 5, 6],[7, 8, 9]]                                             PASS
serial_array [[[1, 2], [3, 4]], [[5, 6], [7, 8]]]                                        PASS

Tests: 19, Passed: 19, Failed: 0 (%100.000)
Total: 127, Passed: 127, Failed: 0 (%100.000)

